[2026-08-26 16:48:26] [TRACE]   [OmnipathR] Reading JSON from `/home/usuario/.cache/OmnipathR/cache.json` (encoding: UTF-8).
[2026-08-26 16:48:26] [TRACE]   [OmnipathR] JSON validation successful: TRUE
[2026-08-26 16:48:26] [INFO]    [OmnipathR] Initialized cache: `/home/usuario/.cache/OmnipathR`.
[2026-08-26 16:48:26] [INFO]    [OmnipathR] Package `OmnipathR` packaged: 2026-01-30 01:23:45 UTC; biocbuild
[2026-08-26 16:48:26] [INFO]    [OmnipathR] Package `OmnipathR` date/publication: 2026-01-29
[2026-08-26 16:48:26] [INFO]    [OmnipathR] Package `OmnipathR` built: R 4.5.2; ; 2026-02-08 22:44:22 UTC; unix
[2026-08-26 16:48:26] [INFO]    [OmnipathR] Package `OmnipathR` version: 3.18.4
[2026-08-26 16:48:26] [INFO]    [OmnipathR] Package `OmnipathR` repository: Bioconductor 3.22
[2026-08-26 16:48:26] [INFO]    [OmnipathR] Session info: [version=R version 4.5.3 (2026-03-11); os=Ubuntu 24.04.4 LTS; system=x86_64, linux-gnu; ui=RStudio; language=es:en; collate=es_ES.UTF-8; ctype=es_ES.UTF-8; tz=Europe/Madrid; date=2026-08-26; rstudio=1.3.1056  (desktop); pandoc=NA (via rmarkdown); quarto=NA]
[2026-08-26 16:48:26] [INFO]    [OmnipathR] External libraries: [cairo=1.18.4; cairoFT=; pango=1.58.2; png=1.6.58; jpeg=8.0; tiff=LIBTIFF, Version 4.7.2; tcl=8.6.13; curl=8.21.0; zlib=1.2.12; bzlib=1.0.8, 13-Jul-2019; xz=5.8.3; deflate=1.25; PCRE=10.47 2025-10-21; ICU=78.3; TRE=TRE 0.8.0 R_fixes (BSD); iconv=GNU libiconv 1.18; readline=8.3; BLAS=/home/usuario/miniconda3/envs/decoupler_liana/lib/libopenblasp-r0.3.34.so; lapack=/home/usuario/miniconda3/envs/decoupler_liana/lib/libopenblasp-r0.3.34.so; lapack_version=3.12.0]
[2026-08-26 16:48:27] [INFO]    [OmnipathR] Loaded packages: backports 1.5.1(2026-04-03); BiocParallel 1.44.0(2025-10-29); bit 4.6.0(2025-03-06); bit64 4.8.2(2026-05-19); blob 1.3.0(2026-01-14); cachem 1.1.0(2024-05-16); cellranger 1.1.0(2016-07-27); checkmate 2.3.3(2025-08-18); cli 3.6.6(2026-04-09); codetools 0.2-20(2024-03-31); crayon 1.5.3(2024-06-20); curl 7.1.0(2026-04-22); DBI 1.3.0(2026-02-25); decoupleR 2.16.0(2025-10-29); digest 0.6.39(2025-11-19); dplyr 1.2.1(2026-04-03); evaluate 1.0.5(2025-08-27); farver 2.1.2(2024-05-13); fastmap 1.2.0(2024-05-15); fs 2.1.0(2026-04-18); generics 0.1.4(2025-05-09); ggplot2 4.0.3(2026-04-22); glue 1.8.1(2026-04-17); gtable 0.3.6(2024-10-25); hms 1.1.4(2025-10-17); htmltools 0.5.9(2025-12-04); httr 1.4.8(2026-02-13); httr2 1.3.0(2026-07-13); igraph 2.3.3(2026-06-26); jsonlite 2.0.0(2025-03-27); knitr 1.51(2025-12-20); later 1.4.8(2026-03-05); lattice 0.22-9(2026-02-09); lifecycle 1.0.5(2026-01-08); logger 0.4.2(2026-05-10); lubridate 1.9.5(2026-02-04); magrittr 2.0.5(2026-04-04); Matrix 1.7-6(2026-07-25); memoise 2.0.1(2021-11-26); OmnipathR 3.18.4(2026-01-29); parallelly 1.48.0(2026-06-29); pillar 1.11.1(2025-09-17); pkgconfig 2.0.3(2019-09-22); prettyunits 1.2.0(2023-09-24); progress 1.2.3(2023-12-06); purrr 1.2.2(2026-04-10); R.methodsS3 1.8.2(2022-06-13); R.oo 1.27.1(2025-05-02); R.utils 2.13.0(2025-02-24); R6 2.6.1(2025-02-15); rappdirs 0.3.4(2026-01-17); RColorBrewer 1.1-3(2022-04-03); Rcpp 1.1.2(2026-07-05); readr 2.2.0(2026-02-19); readxl 1.5.0(2026-05-16); rlang 1.3.0(2026-07-05); rmarkdown 2.31(2026-03-26); RSQLite 3.53.3(2026-06-30); rvest 1.0.5(2025-08-29); S7 0.2.2(2026-04-22); scales 1.4.0(2025-04-24); sessioninfo 1.2.4(2026-06-04); stringi 1.8.9(2026-08-04); stringr 1.6.0(2025-11-04); tibble 3.3.1(2026-01-11); tidyr 1.3.2(2025-12-19); tidyselect 1.2.1(2024-03-11); timechange 0.4.0(2026-01-29); tzdb 0.5.0(2025-03-15); vctrs 0.7.3(2026-04-11); withr 3.0.3(2026-06-19); xfun 0.60(2026-07-09); XML 3.99-0.22(2026-02-10); xml2 1.6.0(2026-06-22); yaml 2.3.12(2025-12-10); zip 3.0.2(2026-08-04)
[2026-08-26 16:48:27] [INFO]    [OmnipathR] CURL: version: 8.21.0; headers: 8.19.0; ssl_version: OpenSSL/3.6.4; libz_version: 1.2.12; libssh_version: libssh2/1.11.1; libidn_version: NA; host: x86_64-conda-linux-gnu; protocols: dict, file, ftp, ftps, gopher, gophers, http, https, imap, imaps, mqtt, mqtts, pop3, pop3s, rtsp, scp, sftp, smtp, smtps, telnet, tftp, ws, wss; ipv6: TRUE; http2: TRUE; idn: FALSE; url_parser: TRUE
[2026-08-26 16:48:27] [TRACE]   [OmnipathR] Reading JSON from `/home/usuario/miniconda3/envs/decoupler_liana/lib/R/library/OmnipathR/db/db_def.json` (encoding: UTF-8).
[2026-08-26 16:48:27] [TRACE]   [OmnipathR] JSON validation successful: TRUE
[2026-08-26 16:48:27] [TRACE]   [OmnipathR] Reading JSON from `/home/usuario/miniconda3/envs/decoupler_liana/lib/R/library/OmnipathR/internal/magic_bytes.json` (encoding: UTF-8).
[2026-08-26 16:48:27] [TRACE]   [OmnipathR] JSON validation successful: TRUE
[2026-08-26 16:48:27] [TRACE]   [OmnipathR] Reading JSON from `/home/usuario/miniconda3/envs/decoupler_liana/lib/R/library/OmnipathR/internal/urls.json` (encoding: UTF-8).
[2026-08-26 16:48:27] [TRACE]   [OmnipathR] JSON validation successful: TRUE
[2026-08-26 16:48:27] [TRACE]   [OmnipathR] Reading JSON from `/home/usuario/miniconda3/envs/decoupler_liana/lib/R/library/OmnipathR/internal/id_types.json` (encoding: UTF-8).
[2026-08-26 16:48:27] [TRACE]   [OmnipathR] JSON validation successful: TRUE
[2026-08-26 16:48:27] [TRACE]   [OmnipathR] Reading JSON from `https://omnipathdb.org/resources` (encoding: UTF-8).
[2026-08-26 16:48:27] [TRACE]   [OmnipathR] JSON validation successful: TRUE
[2026-08-26 16:48:27] [INFO]    [OmnipathR] Loading database `Ensembl and OMA organism names`.
[2026-08-26 16:48:27] [TRACE]   [OmnipathR] Reading JSON from `/home/usuario/.cache/OmnipathR/cache.json` (encoding: UTF-8).
[2026-08-26 16:48:27] [TRACE]   [OmnipathR] JSON validation successful: TRUE
[2026-08-26 16:48:27] [INFO]    [OmnipathR] Looking up in cache `https://www.ensembl.org/info/about/species.html`: key=7332486db7400730697234bad76ca0c8e4d00799, no version available.
[2026-08-26 16:48:27] [TRACE]   [OmnipathR] Reading JSON from `/home/usuario/.cache/OmnipathR/cache.json` (encoding: UTF-8).
[2026-08-26 16:48:27] [TRACE]   [OmnipathR] JSON validation successful: TRUE
[2026-08-26 16:48:27] [INFO]    [OmnipathR] Created new version for cache record 7332486db7400730697234bad76ca0c8e4d00799: version 1.
[2026-08-26 16:48:27] [TRACE]   [OmnipathR] Cache file path: /home/usuario/.cache/OmnipathR/7332486db7400730697234bad76ca0c8e4d00799-1.html
[2026-08-26 16:48:27] [INFO]    [OmnipathR] Retrieving URL: `https://www.ensembl.org/info/about/species.html`
[2026-08-26 16:48:27] [TRACE]   [OmnipathR] Downloading by `httr2` in `download_base`.
[2026-08-26 16:48:27] [TRACE]   [OmnipathR] Attempt 1/3: `https://www.ensembl.org/info/about/species.html`
[2026-08-26 16:48:27] [TRACE]   [OmnipathR] Preparing httr2 request to URL `https://www.ensembl.org/info/about/species.html`.
[2026-08-26 16:48:27] [TRACE]   [OmnipathR] HTTP headers: [User-Agent=Mozilla/5.0 (X11; Linux x86_64; rv:134.0) Gecko/20100101 Firefox/134.0]
[2026-08-26 16:48:27] [TRACE]   [OmnipathR] Curl options: [connecttimeout=10,timeout=300,debugfunction=<function>,verbose=FALSE,tcp_keepalive=TRUE,tcp_keepintvl=10,tcp_keepidle=10,tcp_keepcnt=13,upkeep_interval_ms=30000,ssl_verifypeer=1,ssl_verifyhost=2]
[2026-08-26 16:48:27] [TRACE]   [OmnipathR] HTTP headers: [User-Agent=Mozilla/5.0 (X11; Linux x86_64; rv:134.0) Gecko/20100101 Firefox/134.0]
[2026-08-26 16:48:27] [TRACE]   [OmnipathR] Sending HTTP request.
[2026-08-26 16:48:27] [TRACE]   [OmnipathR] HTTP 200 (OK)
[2026-08-26 16:48:27] [TRACE]   [OmnipathR] No downlad stats available: no curl handle.
[2026-08-26 16:48:27] [TRACE]   [OmnipathR] Response headers: [server=Apache,vary=Accept-Encoding,content-type=text/html; charset=utf-8,content-encoding=gzip,content-security-policy=frame-ancestors 'self',date=Wed, 26 Aug 2026 14:48:27 GMT,accept-ranges=bytes,set-cookie=ENSEMBL_HINX_SESSION=983eb8664ed1cc010b2171d66ade16bb069fb1133275e0ac4d194ae4; path=/; expires=Thu, 31-Dec-2037 23:59:59 GMT; HttpOnly,set-cookie=ENSEMBL_HINX_SESSION=983eb8664ed1cc010b2171d66ade16bb069fb1133275e0ac4d194ae4; path=/; expires=Thu, 31-Dec-2037 23:59:59 GMT; HttpOnly,x-frame-options=SAMEORIGIN,content-length=32960]
[2026-08-26 16:48:28] [INFO]    [OmnipathR] Download ready [key=7332486db7400730697234bad76ca0c8e4d00799, version=1]
[2026-08-26 16:48:28] [TRACE]   [OmnipathR] Reading JSON from `/home/usuario/.cache/OmnipathR/cache.json` (encoding: UTF-8).
[2026-08-26 16:48:28] [TRACE]   [OmnipathR] JSON validation successful: TRUE
[2026-08-26 16:48:28] [INFO]    [OmnipathR] Cache item `7332486db7400730697234bad76ca0c8e4d00799` version 1: status changed from `unknown` to `ready`.
[2026-08-26 16:48:28] [TRACE]   [OmnipathR] Downloading by `generic_downloader`.
[2026-08-26 16:48:28] [TRACE]   [OmnipathR] Looking up in cache: `https://omabrowser.org/All/oma-species.txt`.
[2026-08-26 16:48:28] [INFO]    [OmnipathR] Cache record does not exist: `https://omabrowser.org/All/oma-species.txt`
[2026-08-26 16:48:28] [TRACE]   [OmnipathR] Could not find in cache, initiating download: `https://omabrowser.org/All/oma-species.txt`.
[2026-08-26 16:48:28] [TRACE]   [OmnipathR] Reading JSON from `/home/usuario/.cache/OmnipathR/cache.json` (encoding: UTF-8).
[2026-08-26 16:48:28] [TRACE]   [OmnipathR] JSON validation successful: TRUE
[2026-08-26 16:48:28] [TRACE]   [OmnipathR] Reading JSON from `/home/usuario/.cache/OmnipathR/cache.json` (encoding: UTF-8).
[2026-08-26 16:48:28] [TRACE]   [OmnipathR] JSON validation successful: TRUE
[2026-08-26 16:48:28] [INFO]    [OmnipathR] Cache item `30e690cbb55dfc63b5903ab337f34ffc2f4be397` version 1: status changed from `unknown` to `started`.
[2026-08-26 16:48:28] [TRACE]   [OmnipathR] Exporting object to RDS: `/home/usuario/.cache/OmnipathR/30e690cbb55dfc63b5903ab337f34ffc2f4be397-1.rds`.
[2026-08-26 16:48:28] [INFO]    [OmnipathR] Retrieving URL: `https://omabrowser.org/All/oma-species.txt`
[2026-08-26 16:48:28] [TRACE]   [OmnipathR] Attempt 1/3: `https://omabrowser.org/All/oma-species.txt`
[2026-08-26 16:48:28] [TRACE]   [OmnipathR] HTTP request by `omnipath_curl`.
[2026-08-26 16:48:28] [TRACE]   [OmnipathR] Curl options: [connecttimeout=10,timeout=300,debugfunction=<function>,verbose=FALSE,tcp_keepalive=TRUE,tcp_keepintvl=10,tcp_keepidle=10,tcp_keepcnt=13,upkeep_interval_ms=30000,ssl_verifypeer=1,ssl_verifyhost=2]
[2026-08-26 16:48:28] [TRACE]   [OmnipathR] HTTP v1 GET: status 200.
[2026-08-26 16:48:28] [TRACE]   [OmnipathR] Downloaded 31.8 Kb in 0.503086s from omabrowser.org (63.2 Kb/s); Redirect: 0.148038s, DNS look up: 0.035305s, Connection: 0.097297s, Pretransfer: 0.247151s, First byte at: 0.452189s
[2026-08-26 16:48:28] [TRACE]   [OmnipathR] HTTP headers: HTTP/2 302 ; date: Wed, 26 Aug 2026 14:48:28 GMT; content-type: text/html; charset=utf-8; location: https://zenodo.org/records/20922901/files/oma-species.txt?download=1; server: cloudflare; nel: {"report_to":"cf-nel","success_fraction":0.0,"max_age":604800}; access-control-allow-origin: *; x-frame-options: DENY; vary: Cookie; x-content-type-options: nosniff; referrer-policy: same-origin; cross-origin-opener-policy: same-origin; set-cookie: __matomo=07abf5983c1061ef; expires=Fri, 25-Aug-2028 14:48:28 UTC; Path=/; strict-transport-security: max-age=15768000; cf-cache-status: DYNAMIC; report-to: {"group":"cf-nel","max_age":604800,"endpoints":[{"url":"https://a.nel.cloudflare.com/report/v4?s=iLvfGxKxt3xUkKIpsOSY%2BIi8qEo0WsCh6oFAhQi%2FTUowkp6v4MoEb%2BQ6oSosIoS8NE0RTfkSQVQ96rRMdtDALSyTqjZTFqnbRWfuEEBEbEajIB8f9LOYHzB22ixWlZo2"}]}; cf-ray: a313a339e9e2b124-MAD; HTTP/1.1 200 OK; server: nginx; date: Wed, 26 Aug 2026 14:48:28 GMT; content-type: text/plain; charset=utf-8; transfer-encoding: chunked; vary: Accept-Encoding; content-disposition: attachment; filename=oma-species.txt; set-cookie: session=c326f53ec3799c9d_6a8efcbc.ECmMOgsPcxC76uL2jevVp7dtA9I; Expires=Mon, 31 Aug 2026 14:48:28 GMT; Secure; HttpOnly; Path=/; SameSite=Lax; oc-checksum: MD5:be0e147d873e195c8d84d3a7d485638; accept-ranges: bytes; content-type: text/plain; charset=utf-8; content-security-policy: default-src 'self' fonts.googleapis.com *.gstatic.com data: 'unsafe-inline' 'unsafe-eval' blob: zenodo-broker.web.cern.ch zenodo-broker-qa.web.cern.ch maxcdn.bootstrapcdn.com cdnjs.cloudflare.com ajax.googleapis.com webanalytics.web.cern.ch; x-content-type-options: nosniff; x-download-options: noopen; x-permitted-cross-domain-policies: none; x-frame-options: sameorigin; x-xss-protection: 1; mode=block; x-ratelimit-limit: 133; x-ratelimit-remaining: 132; x-ratelimit-reset: 1787755769; retry-after: 60; strict-transport-security: max-age=31556926; includeSubDomains; referrer-policy: strict-origin-when-cross-origin; x-source: files-primary; content-encoding: gzip
[2026-08-26 16:48:29] [TRACE]   [OmnipathR] Exported RDS to `/home/usuario/.cache/OmnipathR/30e690cbb55dfc63b5903ab337f34ffc2f4be397-1.rds`.
[2026-08-26 16:48:29] [INFO]    [OmnipathR] Download ready [key=30e690cbb55dfc63b5903ab337f34ffc2f4be397, version=1]
[2026-08-26 16:48:29] [TRACE]   [OmnipathR] Reading JSON from `/home/usuario/.cache/OmnipathR/cache.json` (encoding: UTF-8).
[2026-08-26 16:48:29] [TRACE]   [OmnipathR] JSON validation successful: TRUE
[2026-08-26 16:48:29] [INFO]    [OmnipathR] Cache item `30e690cbb55dfc63b5903ab337f34ffc2f4be397` version 1: status changed from `started` to `ready`.
[2026-08-26 16:48:29] [TRACE]   [OmnipathR] Processing args for OmniPath query
[2026-08-26 16:48:29] [TRACE]   [OmnipathR] Arguments for OmniPath query: [wide=TRUE,resources=PROGENy,query_type=annotations]
[2026-08-26 16:48:29] [INFO]    [OmnipathR] Loading database `Ensembl and OMA organism names`.
[2026-08-26 16:48:29] [INFO]    [OmnipathR] Looking up in cache `https://www.ensembl.org/info/about/species.html`: key=7332486db7400730697234bad76ca0c8e4d00799, latest version=1.
[2026-08-26 16:48:29] [TRACE]   [OmnipathR] Cache file path: /home/usuario/.cache/OmnipathR/7332486db7400730697234bad76ca0c8e4d00799-1.html
[2026-08-26 16:48:29] [TRACE]   [OmnipathR] Downloading by `generic_downloader`.
[2026-08-26 16:48:29] [TRACE]   [OmnipathR] Looking up in cache: `https://omabrowser.org/All/oma-species.txt`.
[2026-08-26 16:48:29] [TRACE]   [OmnipathR] Loaded data from RDS `/home/usuario/.cache/OmnipathR/30e690cbb55dfc63b5903ab337f34ffc2f4be397-1.rds`.
[2026-08-26 16:48:29] [WARN]    [OmnipathR] Accessing `PROGENy` as a static table: this is not the recommended way to access OmniPath data; it is only a backup plan for situations when our server or your computer is experiencing issues.
[2026-08-26 16:48:29] [TRACE]   [OmnipathR] Looking up in cache: `http://no-tls.static.omnipathdb.org/resources/annotations_PROGENy_9606.tsv.gz`
[2026-08-26 16:48:29] [INFO]    [OmnipathR] Cache record does not exist: `http://no-tls.static.omnipathdb.org/resources/annotations_PROGENy_9606.tsv.gz`
[2026-08-26 16:48:29] [TRACE]   [OmnipathR] Attempting `http://no-tls.static.omnipathdb.org/resources/annotations_PROGENy_9606.tsv.gz`
[2026-08-26 16:48:29] [INFO]    [OmnipathR] Retrieving URL: `http://no-tls.static.omnipathdb.org/resources/annotations_PROGENy_9606.tsv.gz`
[2026-08-26 16:48:29] [TRACE]   [OmnipathR] Attempt 1/3: `http://no-tls.static.omnipathdb.org/resources/annotations_PROGENy_9606.tsv.gz`
[2026-08-26 16:48:32] [INFO]    [OmnipathR] Successfully retrieved: `http://no-tls.static.omnipathdb.org/resources/annotations_PROGENy_9606.tsv.gz`
[2026-08-26 16:48:32] [TRACE]   [OmnipathR] Reading JSON from `/home/usuario/.cache/OmnipathR/cache.json` (encoding: UTF-8).
[2026-08-26 16:48:32] [TRACE]   [OmnipathR] JSON validation successful: TRUE
[2026-08-26 16:48:32] [TRACE]   [OmnipathR] Reading JSON from `/home/usuario/.cache/OmnipathR/cache.json` (encoding: UTF-8).
[2026-08-26 16:48:32] [TRACE]   [OmnipathR] JSON validation successful: TRUE
[2026-08-26 16:48:32] [INFO]    [OmnipathR] Cache item `103f85125e0134e3d65e4e63d22c339270d103e8` version 1: status changed from `unknown` to `started`.
[2026-08-26 16:48:32] [TRACE]   [OmnipathR] Exporting object to RDS: `/home/usuario/.cache/OmnipathR/103f85125e0134e3d65e4e63d22c339270d103e8-1.rds`.
[2026-08-26 16:48:33] [TRACE]   [OmnipathR] Exported RDS to `/home/usuario/.cache/OmnipathR/103f85125e0134e3d65e4e63d22c339270d103e8-1.rds`.
[2026-08-26 16:48:33] [INFO]    [OmnipathR] Download ready [key=103f85125e0134e3d65e4e63d22c339270d103e8, version=1]
[2026-08-26 16:48:33] [TRACE]   [OmnipathR] Reading JSON from `/home/usuario/.cache/OmnipathR/cache.json` (encoding: UTF-8).
[2026-08-26 16:48:33] [TRACE]   [OmnipathR] JSON validation successful: TRUE
[2026-08-26 16:48:33] [INFO]    [OmnipathR] Cache item `103f85125e0134e3d65e4e63d22c339270d103e8` version 1: status changed from `started` to `ready`.
[2026-08-26 16:48:33] [SUCCESS] [OmnipathR] Downloaded 700239 annotation records.
