[2026-08-28 09:54:06] [TRACE]   [OmnipathR] Reading JSON from `/home/usuario/.cache/OmnipathR/cache.json` (encoding: UTF-8).
[2026-08-28 09:54:06] [TRACE]   [OmnipathR] JSON validation successful: TRUE
[2026-08-28 09:54:06] [INFO]    [OmnipathR] Initialized cache: `/home/usuario/.cache/OmnipathR`.
[2026-08-28 09:54:06] [INFO]    [OmnipathR] Package `OmnipathR` packaged: 2026-01-30 01:23:45 UTC; biocbuild
[2026-08-28 09:54:06] [INFO]    [OmnipathR] Package `OmnipathR` date/publication: 2026-01-29
[2026-08-28 09:54:06] [INFO]    [OmnipathR] Package `OmnipathR` built: R 4.5.2; ; 2026-02-08 22:44:22 UTC; unix
[2026-08-28 09:54:06] [INFO]    [OmnipathR] Package `OmnipathR` version: 3.18.4
[2026-08-28 09:54:06] [INFO]    [OmnipathR] Package `OmnipathR` repository: Bioconductor 3.22
[2026-08-28 09:54:07] [INFO]    [OmnipathR] Session info: [version=R version 4.5.3 (2026-03-11); os=Ubuntu 24.04.4 LTS; system=x86_64, linux-gnu; ui=RStudio; language=es:en; collate=es_ES.UTF-8; ctype=es_ES.UTF-8; tz=Europe/Madrid; date=2026-08-28; rstudio=1.3.1056  (desktop); pandoc=NA (via rmarkdown); quarto=NA]
[2026-08-28 09:54:07] [INFO]    [OmnipathR] External libraries: [cairo=1.18.4; cairoFT=; pango=1.58.2; png=1.6.58; jpeg=8.0; tiff=LIBTIFF, Version 4.7.2; tcl=8.6.13; curl=8.21.0; zlib=1.2.12; bzlib=1.0.8, 13-Jul-2019; xz=5.8.3; deflate=1.25; PCRE=10.47 2025-10-21; ICU=78.3; TRE=TRE 0.8.0 R_fixes (BSD); iconv=GNU libiconv 1.18; readline=8.3; BLAS=/home/usuario/miniconda3/envs/decoupler_liana/lib/libopenblasp-r0.3.34.so; lapack=/home/usuario/miniconda3/envs/decoupler_liana/lib/libopenblasp-r0.3.34.so; lapack_version=3.12.0]
[2026-08-28 09:54:07] [INFO]    [OmnipathR] Loaded packages: abind 1.4-8(2024-09-12); backports 1.5.1(2026-04-03); BiocParallel 1.44.0(2025-10-29); bit 4.6.0(2025-03-06); bit64 4.8.2(2026-05-19); blob 1.3.0(2026-01-14); cachem 1.1.0(2024-05-16); cellranger 1.1.0(2016-07-27); checkmate 2.3.3(2025-08-18); cli 3.6.6(2026-04-09); cluster 2.1.8.3(2026-07-30); codetools 0.2-20(2024-03-31); cowplot 1.2.0(2025-07-07); crayon 1.5.3(2024-06-20); curl 7.1.0(2026-04-22); data.table 1.18.4(2026-05-06); DBI 1.3.0(2026-02-25); decoupleR 2.16.0(2025-10-29); deldir 2.0-4(2024-02-28); digest 0.6.39(2025-11-19); dotCall64 1.2(2024-10-04); dplyr 1.2.1(2026-04-03); evaluate 1.0.5(2025-08-27); farver 2.1.2(2024-05-13); fastDummies 1.7.6(2026-04-22); fastmap 1.2.0(2024-05-15); fitdistrplus 1.2-6(2026-01-24); fs 2.1.0(2026-04-18); future 1.75.0(2026-07-20); future.apply 1.20.2(2026-02-20); generics 0.1.4(2025-05-09); ggplot2 4.0.3(2026-04-22); ggrepel 0.9.8(2026-03-17); ggridges 0.5.7(2025-08-27); globals 0.19.1(2026-03-13); glue 1.8.1(2026-04-17); goftest 1.2-3(2021-10-07); gridExtra 2.3.1(2026-06-25); gtable 0.3.6(2024-10-25); hms 1.1.4(2025-10-17); htmltools 0.5.9(2025-12-04); htmlwidgets 1.6.4(2023-12-06); httpuv 1.6.17(2026-03-18); httr 1.4.8(2026-02-13); httr2 1.3.0(2026-07-13); ica 1.0-3(2022-07-08); igraph 2.3.3(2026-06-26); irlba 2.3.7(2026-01-30); jsonlite 2.0.0(2025-03-27); KernSmooth 2.23-26(2025-01-01); knitr 1.51(2025-12-20); later 1.4.8(2026-03-05); lattice 0.22-9(2026-02-09); lifecycle 1.0.5(2026-01-08); listenv 1.0.0(2026-06-22); lmtest 0.9-40(2022-03-21); logger 0.4.2(2026-05-10); lubridate 1.9.5(2026-02-04); magrittr 2.0.5(2026-04-04); MASS 7.3-66(2026-07-15); Matrix 1.7-6(2026-07-25); matrixStats 1.5.0(2025-01-07); memoise 2.0.1(2021-11-26); mime 0.13(2025-03-17); miniUI 0.1.2(2025-04-17); nlme 3.1-170(2026-07-15); OmnipathR 3.18.4(2026-01-29); otel 0.2.0(2025-08-29); parallelly 1.48.0(2026-06-29); patchwork 1.3.2(2025-08-25); pbapply 1.7-4(2025-07-20); pillar 1.11.1(2025-09-17); pkgconfig 2.0.3(2019-09-22); plotly 4.12.1(2026-07-22); plyr 1.8.9(2023-10-02); png 0.1-9(2026-03-15); polyclip 1.10-7(2024-07-23); prettyunits 1.2.0(2023-09-24); progress 1.2.3(2023-12-06); progressr 1.0.0(2026-07-04); promises 1.5.0(2025-11-01); purrr 1.2.2(2026-04-10); R.methodsS3 1.8.2(2022-06-13); R.oo 1.27.1(2025-05-02); R.utils 2.13.0(2025-02-24); R6 2.6.1(2025-02-15); RANN 2.6.2(2024-08-25); rappdirs 0.3.4(2026-01-17); RColorBrewer 1.1-3(2022-04-03); Rcpp 1.1.2(2026-07-05); RcppAnnoy 0.0.23(2026-01-12); RcppHNSW 0.7.0(2026-05-26); readr 2.2.0(2026-02-19); readxl 1.5.0(2026-05-16); reshape2 1.4.5(2025-11-12); reticulate 1.46.0(2026-04-09); rlang 1.3.0(2026-07-05); rmarkdown 2.31(2026-03-26); ROCR 1.0-12(2026-01-23); RSpectra 0.16-2(2024-07-18); RSQLite 3.53.3(2026-06-30); Rtsne 0.17(2023-12-07); rvest 1.0.5(2025-08-29); S7 0.2.2(2026-04-22); scales 1.4.0(2025-04-24); scattermore 1.2(2023-06-12); sctransform 0.4.3(2026-01-10); sessioninfo 1.2.4(2026-06-04); Seurat 5.5.1(2026-06-26); SeuratObject 5.4.0(2026-04-11); shiny 1.14.0(2026-06-21); sp 2.2-3(2026-07-19); spam 2.11-4(2026-05-29); spatstat.data 3.1-9(2025-10-18); spatstat.explore 3.8-2(2026-07-27); spatstat.geom 3.8-2(2026-07-24); spatstat.random 3.5-1(2026-07-27); spatstat.sparse 3.2-0(2026-05-21); spatstat.univar 3.2-0(2026-05-18); spatstat.utils 3.2-4(2026-07-16); stringi 1.8.9(2026-08-04); stringr 1.6.0(2025-11-04); survival 3.8-9(2026-07-08); tensor 1.5.1(2025-06-17); tibble 3.3.1(2026-01-11); tidyr 1.3.2(2025-12-19); tidyselect 1.2.1(2024-03-11); timechange 0.4.0(2026-01-29); tzdb 0.5.0(2025-03-15); uwot 0.2.4(2025-11-10); vctrs 0.7.3(2026-04-11); viridisLite 0.4.3(2026-02-04); withr 3.0.3(2026-06-19); xfun 0.60(2026-07-09); XML 3.99-0.22(2026-02-10); xml2 1.6.0(2026-06-22); xtable 1.8-8(2026-02-22); yaml 2.3.12(2025-12-10); zip 3.0.2(2026-08-04); zoo 1.8-15(2025-12-15)
[2026-08-28 09:54:07] [INFO]    [OmnipathR] CURL: version: 8.21.0; headers: 8.19.0; ssl_version: OpenSSL/3.6.4; libz_version: 1.2.12; libssh_version: libssh2/1.11.1; libidn_version: NA; host: x86_64-conda-linux-gnu; protocols: dict, file, ftp, ftps, gopher, gophers, http, https, imap, imaps, mqtt, mqtts, pop3, pop3s, rtsp, scp, sftp, smtp, smtps, telnet, tftp, ws, wss; ipv6: TRUE; http2: TRUE; idn: FALSE; url_parser: TRUE
[2026-08-28 09:54:07] [TRACE]   [OmnipathR] Reading JSON from `/home/usuario/miniconda3/envs/decoupler_liana/lib/R/library/OmnipathR/db/db_def.json` (encoding: UTF-8).
[2026-08-28 09:54:07] [TRACE]   [OmnipathR] JSON validation successful: TRUE
[2026-08-28 09:54:07] [TRACE]   [OmnipathR] Reading JSON from `/home/usuario/miniconda3/envs/decoupler_liana/lib/R/library/OmnipathR/internal/magic_bytes.json` (encoding: UTF-8).
[2026-08-28 09:54:07] [TRACE]   [OmnipathR] JSON validation successful: TRUE
[2026-08-28 09:54:07] [TRACE]   [OmnipathR] Reading JSON from `/home/usuario/miniconda3/envs/decoupler_liana/lib/R/library/OmnipathR/internal/urls.json` (encoding: UTF-8).
[2026-08-28 09:54:07] [TRACE]   [OmnipathR] JSON validation successful: TRUE
[2026-08-28 09:54:07] [TRACE]   [OmnipathR] Reading JSON from `/home/usuario/miniconda3/envs/decoupler_liana/lib/R/library/OmnipathR/internal/id_types.json` (encoding: UTF-8).
[2026-08-28 09:54:07] [TRACE]   [OmnipathR] JSON validation successful: TRUE
[2026-08-28 09:54:07] [TRACE]   [OmnipathR] Reading JSON from `https://omnipathdb.org/resources` (encoding: UTF-8).
[2026-08-28 09:54:07] [TRACE]   [OmnipathR] JSON validation successful: TRUE
[2026-08-28 09:54:07] [INFO]    [OmnipathR] Loading database `Ensembl and OMA organism names`.
[2026-08-28 09:54:07] [INFO]    [OmnipathR] Looking up in cache `https://www.ensembl.org/info/about/species.html`: key=7332486db7400730697234bad76ca0c8e4d00799, latest version=1.
[2026-08-28 09:54:07] [TRACE]   [OmnipathR] Cache file path: /home/usuario/.cache/OmnipathR/7332486db7400730697234bad76ca0c8e4d00799-1.html
[2026-08-28 09:54:07] [TRACE]   [OmnipathR] Downloading by `generic_downloader`.
[2026-08-28 09:54:08] [TRACE]   [OmnipathR] Looking up in cache: `https://omabrowser.org/All/oma-species.txt`.
[2026-08-28 09:54:08] [TRACE]   [OmnipathR] Loaded data from RDS `/home/usuario/.cache/OmnipathR/30e690cbb55dfc63b5903ab337f34ffc2f4be397-1.rds`.
[2026-08-28 09:54:08] [TRACE]   [OmnipathR] Processing args for OmniPath query
[2026-08-28 09:54:08] [TRACE]   [OmnipathR] Arguments for OmniPath query: [wide=TRUE,resources=PROGENy,query_type=annotations]
[2026-08-28 09:54:08] [INFO]    [OmnipathR] Loading database `Ensembl and OMA organism names`.
[2026-08-28 09:54:08] [INFO]    [OmnipathR] Looking up in cache `https://www.ensembl.org/info/about/species.html`: key=7332486db7400730697234bad76ca0c8e4d00799, latest version=1.
[2026-08-28 09:54:08] [TRACE]   [OmnipathR] Cache file path: /home/usuario/.cache/OmnipathR/7332486db7400730697234bad76ca0c8e4d00799-1.html
[2026-08-28 09:54:08] [TRACE]   [OmnipathR] Downloading by `generic_downloader`.
[2026-08-28 09:54:08] [TRACE]   [OmnipathR] Looking up in cache: `https://omabrowser.org/All/oma-species.txt`.
[2026-08-28 09:54:08] [TRACE]   [OmnipathR] Loaded data from RDS `/home/usuario/.cache/OmnipathR/30e690cbb55dfc63b5903ab337f34ffc2f4be397-1.rds`.
[2026-08-28 09:54:08] [WARN]    [OmnipathR] Accessing `PROGENy` as a static table: this is not the recommended way to access OmniPath data; it is only a backup plan for situations when our server or your computer is experiencing issues.
[2026-08-28 09:54:08] [TRACE]   [OmnipathR] Looking up in cache: `http://no-tls.static.omnipathdb.org/resources/annotations_PROGENy_9606.tsv.gz`
[2026-08-28 09:54:09] [TRACE]   [OmnipathR] Loaded data from RDS `/home/usuario/.cache/OmnipathR/103f85125e0134e3d65e4e63d22c339270d103e8-1.rds`.
[2026-08-28 09:54:09] [INFO]    [OmnipathR] Loaded from cache: `http://no-tls.static.omnipathdb.org/resources/annotations_PROGENy_9606.tsv.gz`
[2026-08-28 09:54:09] [SUCCESS] [OmnipathR] Loaded 700239 annotation records from cache.
